../BSP/lcd_2.c:21:6:lcd_send_command	16	static
../BSP/lcd_2.c:36:6:lcd_init	24	static
../BSP/lcd_2.c:112:6:lcd_print_char	16	static
../BSP/lcd_2.c:123:6:lcd_print_string	24	static
../BSP/lcd_2.c:146:6:lcd_display_clear	8	static
../BSP/lcd_2.c:153:6:lcd_display_return_home	8	static
../BSP/lcd_2.c:164:13:write_4_bits	16	static
../BSP/lcd_2.c:190:6:lcd_set_cursor	16	static
../BSP/lcd_2.c:208:13:lcd_enable	8	static
../BSP/lcd_2.c:216:13:lcd_disable	8	static
../BSP/lcd_2.c:225:13:mdelay	24	static
../BSP/lcd_2.c:230:13:udelay	24	static
