../Drivers/Src/stm32f446xx_usart_driver.c:24:6:USART_SetBaudRate	40	static
../Drivers/Src/stm32f446xx_usart_driver.c:101:6:USART_Init	24	static
../Drivers/Src/stm32f446xx_usart_driver.c:218:6:USART_PeripheralControl	16	static
../Drivers/Src/stm32f446xx_usart_driver.c:246:6:USART_PeriClockControl	16	static
../Drivers/Src/stm32f446xx_usart_driver.c:282:9:USART_GetFlagStatus	16	static
../Drivers/Src/stm32f446xx_usart_driver.c:306:6:USART_SendData	32	static
../Drivers/Src/stm32f446xx_usart_driver.c:369:6:USART_ReceiveData	32	static
../Drivers/Src/stm32f446xx_usart_driver.c:445:9:USART_SendDataIT	32	static
../Drivers/Src/stm32f446xx_usart_driver.c:483:9:USART_ReceiveDataIT	32	static
../Drivers/Src/stm32f446xx_usart_driver.c:521:6:USART_ClearFlag	16	static
../Drivers/Src/stm32f446xx_usart_driver.c:541:6:USART_IRQInterruptConfig	16	static
../Drivers/Src/stm32f446xx_usart_driver.c:596:6:USART_IRQPriorityConfig	24	static
../Drivers/Src/stm32f446xx_usart_driver.c:622:6:USART_IRQHandling	32	static
../Drivers/Src/stm32f446xx_usart_driver.c:925:13:USART_ApplicationEventCallback	16	static
